// Jest Snapshot v1, https://goo.gl/fbAQLP

exports[`Pruebas en <GifGridItem /> debe mostrar el componente correctamente 1`] = `
<div
  className="card animate__animated animate__zoomIn animate__delay-2s"
>
  <img
    alt="un titulo"
    src="https://localhost/algo.jpg"
  />
  <p>
     
    un titulo
     
  </p>
</div>
`;
